ASxxxx Linker V03.00/V05.40 + sdld,  page 1.
Hexadecimal  [32-Bits]

Area                                    Addr        Size        Decimal Bytes (Attributes)
--------------------------------        ----        ----        ------- ----- ------------
CABS                                00000000    00000000 =           0. bytes (ABS,CON,CODE)

      Value  Global                              Global Defined In Module
      -----  --------------------------------   ------------------------
C:   00000000  l_BSEG                          
C:   00000000  l_BSEG_BYTES                    
C:   00000000  l_CABS                          
C:   00000000  l_GSINIT1                       
C:   00000000  l_GSINIT5                       
C:   00000000  l_IABS                          
C:   00000000  l_ISEG                          
C:   00000000  l_PSEG                          
C:   00000000  l_REG_BANK_1                    
C:   00000000  l_REG_BANK_2                    
C:   00000000  l_REG_BANK_3                    
C:   00000000  l_RSEG                          
C:   00000000  l_RSEG0                         
C:   00000000  l_RSEG1                         
C:   00000000  l_XABS                          
C:   00000000  l_XINIT                         
C:   00000000  l_XISEG                         
C:   00000000  l_XSEG                          
C:   00000000  l__CODE                         
C:   00000000  s_BSEG                          
C:   00000000  s_CABS                          
C:   00000000  s_DSEG                          
C:   00000000  s_HOME                          
C:   00000000  s_IABS                          
C:   00000000  s_ISEG                          
C:   00000000  s_REG_BANK_0                    
C:   00000000  s_RSEG                          
C:   00000000  s_RSEG0                         
C:   00000000  s_RSEG1                         
C:   00000000  s_XABS                          
C:   00000001  l_BIT_BANK                      
C:   00000001  s_PSEG                          
C:   00000001  s_XISEG                         
C:   00000001  s_XSEG                          
C:   00000002  l_OSEG                          
C:   00000003  l_GSFINAL                       
C:   00000003  l_GSINIT0                       
C:   00000008  l_REG_BANK_0                    
C:   00000008  s_REG_BANK_1                    
C:   0000000A  l_GSINIT2                       
C:   00000010  s_REG_BANK_2                    
C:   00000011  l_HOME                          
C:   00000011  s_GSINIT0                       
C:   00000014  s_GSINIT1                       
C:   00000014  s_GSINIT2                       
C:   00000015  l_GSINIT                        
C:   00000018  s_OSEG                          
C:   00000018  s_REG_BANK_3                    
C:   0000001E  s_GSINIT3                       
C:   00000020  s_BIT_BANK                      
ASxxxx Linker V03.00/V05.40 + sdld,  page 2.
Hexadecimal  [32-Bits]

Area                                    Addr        Size        Decimal Bytes (Attributes)
--------------------------------        ----        ----        ------- ----- ------------
CABS                                00000000    00000000 =           0. bytes (ABS,CON,CODE)

      Value  Global                              Global Defined In Module
      -----  --------------------------------   ------------------------
C:   00000020  s_BSEG_BYTES                    
C:   00000020  s__CODE                         
C:   00000021  s_SSEG                          
C:   00000022  l_GSINIT3                       
C:   0000002A  l_GSINIT4                       
C:   00000040  s_GSINIT4                       
C:   0000006A  s_GSINIT                        
C:   0000006A  s_GSINIT5                       
C:   0000007A  l_DSEG                          
C:   0000007F  s_GSFINAL                       
C:   00000082  s_CSEG                          
C:   000000DF  l_SSEG                          
C:   00000100  l_IRAM                          
C:   00000247  l_CONST                         
C:   0000057A  l_CSEG                          
C:   000005FC  s_CONST                         
C:   00000843  s_XINIT                         

ASxxxx Linker V03.00/V05.40 + sdld,  page 3.
Hexadecimal  [32-Bits]

Area                                    Addr        Size        Decimal Bytes (Attributes)
--------------------------------        ----        ----        ------- ----- ------------
.  .ABS.                            00000000    00000000 =           0. bytes (ABS,CON)

      Value  Global                              Global Defined In Module
      -----  --------------------------------   ------------------------
     00000000  .__.ABS.                           _startup
     00000080  _P0                                oled_i2c
     00000080  _P0_0                              oled_i2c
     00000081  _P0_1                              oled_i2c
     00000081  _SP                                oled_i2c
     00000082  _DPL                               oled_i2c
     00000082  _P0_2                              oled_i2c
     00000083  _DPH                               oled_i2c
     00000083  _P0_3                              oled_i2c
     00000084  _P0_4                              oled_i2c
     00000085  _P0_5                              oled_i2c
     00000086  _P0_6                              oled_i2c
     00000087  _P0_7                              oled_i2c
     00000087  _PCON                              oled_i2c
     00000088  _IT0                               oled_i2c
     00000088  _TCON                              oled_i2c
     00000089  _IE0                               oled_i2c
     00000089  _TMOD                              oled_i2c
     0000008A  _IT1                               oled_i2c
     0000008A  _TL0                               oled_i2c
     0000008B  _IE1                               oled_i2c
     0000008B  _TL1                               oled_i2c
     0000008C  _TH0                               oled_i2c
     0000008C  _TR0                               oled_i2c
     0000008D  _TF0                               oled_i2c
     0000008D  _TH1                               oled_i2c
     0000008E  _TR1                               oled_i2c
     0000008F  _TF1                               oled_i2c
     00000090  _P1                                oled_i2c
     00000090  _P1_0                              oled_i2c
     00000091  _P1_1                              oled_i2c
     00000092  _P1_2                              oled_i2c
     00000093  _P1_3                              oled_i2c
     00000094  _P1_4                              oled_i2c
     00000095  _P1_5                              oled_i2c
     00000096  _P1_6                              oled_i2c
     00000097  _P1_7                              oled_i2c
     00000098  _RI                                oled_i2c
     00000098  _SCON                              oled_i2c
     00000099  _SBUF                              oled_i2c
     00000099  _TI                                oled_i2c
     0000009A  _RB8                               oled_i2c
     0000009B  _TB8                               oled_i2c
     0000009C  _REN                               oled_i2c
     0000009D  _SM2                               oled_i2c
     0000009E  _SM1                               oled_i2c
     0000009F  _SM0                               oled_i2c
     000000A0  _P2                                oled_i2c
     000000A0  _P2_0                              oled_i2c
     000000A0  __XPAGE                            
ASxxxx Linker V03.00/V05.40 + sdld,  page 4.
Hexadecimal  [32-Bits]

Area                                    Addr        Size        Decimal Bytes (Attributes)
--------------------------------        ----        ----        ------- ----- ------------
.  .ABS.                            00000000    00000000 =           0. bytes (ABS,CON)

      Value  Global                              Global Defined In Module
      -----  --------------------------------   ------------------------
     000000A1  _P2_1                              oled_i2c
     000000A2  _P2_2                              oled_i2c
     000000A3  _P2_3                              oled_i2c
     000000A4  _P2_4                              oled_i2c
     000000A5  _P2_5                              oled_i2c
     000000A6  _P2_6                              oled_i2c
     000000A7  _P2_7                              oled_i2c
     000000A8  _EX0                               oled_i2c
     000000A8  _IE                                oled_i2c
     000000A9  _ET0                               oled_i2c
     000000AA  _EX1                               oled_i2c
     000000AB  _ET1                               oled_i2c
     000000AC  _ES                                oled_i2c
     000000AF  _EA                                oled_i2c
     000000B0  _P3                                oled_i2c
     000000B0  _P3_0                              oled_i2c
     000000B0  _RXD                               oled_i2c
     000000B1  _P3_1                              oled_i2c
     000000B1  _TXD                               oled_i2c
     000000B2  _INT0                              oled_i2c
     000000B2  _P3_2                              oled_i2c
     000000B3  _INT1                              oled_i2c
     000000B3  _P3_3                              oled_i2c
     000000B4  _P3_4                              oled_i2c
     000000B4  _T0                                oled_i2c
     000000B5  _P3_5                              oled_i2c
     000000B5  _T1                                oled_i2c
     000000B6  _P3_6                              oled_i2c
     000000B6  _WR                                oled_i2c
     000000B7  _P3_7                              oled_i2c
     000000B7  _RD                                oled_i2c
     000000B8  _IP                                oled_i2c
     000000B8  _PX0                               oled_i2c
     000000B9  _PT0                               oled_i2c
     000000BA  _PX1                               oled_i2c
     000000BB  _PT1                               oled_i2c
     000000BC  _PS                                oled_i2c
     000000D0  _P                                 oled_i2c
     000000D0  _PSW                               oled_i2c
     000000D1  _F1                                oled_i2c
     000000D2  _OV                                oled_i2c
     000000D3  _RS0                               oled_i2c
     000000D4  _RS1                               oled_i2c
     000000D5  _F0                                oled_i2c
     000000D6  _AC                                oled_i2c
     000000D7  _CY                                oled_i2c
     000000E0  _ACC                               oled_i2c
     000000F0  _B                                 oled_i2c
     000000F5  _B_5                               _gptrget
     000000F6  _B_6                               _gptrget
     000000F7  _B_7                               _gptrget

ASxxxx Linker V03.00/V05.40 + sdld,  page 5.
Hexadecimal  [32-Bits]

Area                                    Addr        Size        Decimal Bytes (Attributes)
--------------------------------        ----        ----        ------- ----- ------------
REG_BANK_0                          00000000    00000008 =           8. bytes (REL,OVR)

      Value  Global                              Global Defined In Module
      -----  --------------------------------   ------------------------
ASxxxx Linker V03.00/V05.40 + sdld,  page 6.
Hexadecimal  [32-Bits]

Area                                    Addr        Size        Decimal Bytes (Attributes)
--------------------------------        ----        ----        ------- ----- ------------
BIT_BANK                            00000020    00000001 =           1. bytes (REL,OVR)

      Value  Global                              Global Defined In Module
      -----  --------------------------------   ------------------------
ASxxxx Linker V03.00/V05.40 + sdld,  page 7.
Hexadecimal  [32-Bits]

Area                                    Addr        Size        Decimal Bytes (Attributes)
--------------------------------        ----        ----        ------- ----- ------------
DSEG                                00000000    0000007A =         122. bytes (REL,CON)

      Value  Global                              Global Defined In Module
      -----  --------------------------------   ------------------------
     00000008  _music_on                          main
     0000000A  _scan_cnting                       main
     0000000C  _stable_but                        main
     0000000E  _music_play_note                   main
     00000010  _duration_time                     main
     00000014  _Single_WriteI2C_PARM_2            i2c
     00000015  _Single_WriteI2C_PARM_3            i2c
     00000016  _Single_ReadI2C_PARM_2             i2c
     00000017  _OLED_SetCursor_PARM_2             oled_i2c
ASxxxx Linker V03.00/V05.40 + sdld,  page 8.
Hexadecimal  [32-Bits]

Area                                    Addr        Size        Decimal Bytes (Attributes)
--------------------------------        ----        ----        ------- ----- ------------
OSEG                                00000018    00000002 =           2. bytes (REL,OVR)

      Value  Global                              Global Defined In Module
      -----  --------------------------------   ------------------------
     00000018  __mulint_PARM_2                    _mulint

ASxxxx Linker V03.00/V05.40 + sdld,  page 9.
Hexadecimal  [32-Bits]

Area                                    Addr        Size        Decimal Bytes (Attributes)
--------------------------------        ----        ----        ------- ----- ------------
SSEG                                00000021    000000DF =         223. bytes (REL,OVR)

      Value  Global                              Global Defined In Module
      -----  --------------------------------   ------------------------
     00000021  __start__stack                     main

ASxxxx Linker V03.00/V05.40 + sdld,  page 10.
Hexadecimal  [32-Bits]

Area                                    Addr        Size        Decimal Bytes (Attributes)
--------------------------------        ----        ----        ------- ----- ------------
HOME                                00000000    00000011 =          17. bytes (REL,CON,CODE)

      Value  Global                              Global Defined In Module
      -----  --------------------------------   ------------------------
C:   0000000E  __sdcc_program_startup             main

ASxxxx Linker V03.00/V05.40 + sdld,  page 11.
Hexadecimal  [32-Bits]

Area                                    Addr        Size        Decimal Bytes (Attributes)
--------------------------------        ----        ----        ------- ----- ------------
GSINIT0                             00000011    00000003 =           3. bytes (REL,CON,CODE)

      Value  Global                              Global Defined In Module
      -----  --------------------------------   ------------------------
C:   00000011  __sdcc_gsinit_startup              

ASxxxx Linker V03.00/V05.40 + sdld,  page 12.
Hexadecimal  [32-Bits]

Area                                    Addr        Size        Decimal Bytes (Attributes)
--------------------------------        ----        ----        ------- ----- ------------
GSINIT2                             00000014    0000000A =          10. bytes (REL,CON,CODE)

      Value  Global                              Global Defined In Module
      -----  --------------------------------   ------------------------
ASxxxx Linker V03.00/V05.40 + sdld,  page 13.
Hexadecimal  [32-Bits]

Area                                    Addr        Size        Decimal Bytes (Attributes)
--------------------------------        ----        ----        ------- ----- ------------
GSINIT3                             0000001E    00000022 =          34. bytes (REL,CON,CODE)

      Value  Global                              Global Defined In Module
      -----  --------------------------------   ------------------------
C:   0000001E  __mcs51_genXINIT                   

ASxxxx Linker V03.00/V05.40 + sdld,  page 14.
Hexadecimal  [32-Bits]

Area                                    Addr        Size        Decimal Bytes (Attributes)
--------------------------------        ----        ----        ------- ----- ------------
GSINIT4                             00000040    0000002A =          42. bytes (REL,CON,CODE)

      Value  Global                              Global Defined In Module
      -----  --------------------------------   ------------------------
C:   00000040  __mcs51_genRAMCLEAR                
C:   00000046  __mcs51_genXRAMCLEAR               

ASxxxx Linker V03.00/V05.40 + sdld,  page 15.
Hexadecimal  [32-Bits]

Area                                    Addr        Size        Decimal Bytes (Attributes)
--------------------------------        ----        ----        ------- ----- ------------
GSINIT                              0000006A    00000015 =          21. bytes (REL,CON,CODE)

      Value  Global                              Global Defined In Module
      -----  --------------------------------   ------------------------
ASxxxx Linker V03.00/V05.40 + sdld,  page 16.
Hexadecimal  [32-Bits]

Area                                    Addr        Size        Decimal Bytes (Attributes)
--------------------------------        ----        ----        ------- ----- ------------
GSFINAL                             0000007F    00000003 =           3. bytes (REL,CON,CODE)

      Value  Global                              Global Defined In Module
      -----  --------------------------------   ------------------------
ASxxxx Linker V03.00/V05.40 + sdld,  page 17.
Hexadecimal  [32-Bits]

Area                                    Addr        Size        Decimal Bytes (Attributes)
--------------------------------        ----        ----        ------- ----- ------------
CSEG                                00000082    0000057A =        1402. bytes (REL,CON,CODE)

      Value  Global                              Global Defined In Module
      -----  --------------------------------   ------------------------
C:   00000082  _T0_isr                            main
C:   00000174  _main                              main
C:   000002AD  _LookForSound                      main
C:   000002F4  _I2C_Start                         i2c
C:   00000303  _I2C_Stop                          i2c
C:   0000030F  _I2C_SendACK                       i2c
C:   0000031F  _I2C_RecvACK                       i2c
C:   00000334  _I2C_SendByte                      i2c
C:   0000035C  _I2C_RecvByte                      i2c
C:   00000390  _Single_WriteI2C                   i2c
C:   000003AD  _Single_ReadI2C                    i2c
C:   000003E8  _Delay_Do                          delay_func
C:   000003F6  _Delay_Re                          delay_func
C:   00000404  _Delay_Mi                          delay_func
C:   00000412  _Delay_Fa                          delay_func
C:   00000420  _Delay_So                          delay_func
C:   0000042E  _Delay_La                          delay_func
C:   0000043C  _Delay_Si                          delay_func
C:   0000044A  _delay_ms                          delay
C:   0000045C  _delay_5                           delay
C:   00000461  _OLED_Init                         oled_i2c
C:   000004D0  _OLED_DisplayChar                  oled_i2c
C:   00000521  _OLED_DisplayString                oled_i2c
C:   0000054C  _OLED_Clear                        oled_i2c
C:   00000577  _OLED_SetCursor                    oled_i2c
C:   000005A7  _oledSendCommand                   oled_i2c
C:   000005B3  _oledSendData                      oled_i2c
C:   000005BF  __mulint                           _mulint
C:   000005BF  __mulint_dummy                     _mulint
C:   000005DC  __gptrget                          _gptrget
C:   000005F8  ___sdcc_external_startup           _startup

ASxxxx Linker V03.00/V05.40 + sdld,  page 18.
Hexadecimal  [32-Bits]

Area                                    Addr        Size        Decimal Bytes (Attributes)
--------------------------------        ----        ----        ------- ----- ------------
CONST                               000005FC    00000247 =         583. bytes (REL,CON,CODE)

      Value  Global                              Global Defined In Module
      -----  --------------------------------   ------------------------
C:   000005FC  _music_table                       main
C:   00000615  _duration_table                    main
C:   0000062E  _blanck_table                      main
C:   00000668  _OledFontTable                     oled_i2c

ASxxxx Linker V03.00/V05.40 + sdld,  page 19.

Files Linked                              [ module(s) ]

main.rel                                  [  ]
i2c.rel                                   [  ]
delay_func.rel                            [  ]
delay.rel                                 [  ]
oled_i2c.rel                              [  ]


Libraries Linked                          [ object file ]

c:\Program Files\SDCC\bin\..\lib\small/mcs51.lib
                                          [ crtclear.rel ]
c:\Program Files\SDCC\bin\..\lib\small/mcs51.lib
                                          [ crtxinit.rel ]
c:\Program Files\SDCC\bin\..\lib\small/libint.lib
                                          [ _mulint.rel ]
c:\Program Files\SDCC\bin\..\lib\small/mcs51.lib
                                          [ crtxclear.rel ]
c:\Program Files\SDCC\bin\..\lib\small/mcs51.lib
                                          [ crtpagesfr.rel ]
c:\Program Files\SDCC\bin\..\lib\small/mcs51.lib
                                          [ crtstart.rel ]
c:\Program Files\SDCC\bin\..\lib\small/libsdcc.lib
                                          [ _gptrget.rel ]
c:\Program Files\SDCC\bin\..\lib\small/libsdcc.lib
                                          [ _startup.rel ]

ASxxxx Linker V03.00/V05.40 + sdld,  page 20.

User Base Address Definitions

HOME = 0x0000
XSEG = 0x0001
PSEG = 0x0001
ISEG = 0x0000
BSEG = 0x0000

