ASxxxx Linker V03.00/V05.40 + sdld,  page 1.
Hexadecimal  [32-Bits]

Area                                    Addr        Size        Decimal Bytes (Attributes)
--------------------------------        ----        ----        ------- ----- ------------
CABS                                00000000    00000000 =           0. bytes (ABS,CON,CODE)

      Value  Global                              Global Defined In Module
      -----  --------------------------------   ------------------------
C:   00000000  l_BIT_BANK                      
C:   00000000  l_BSEG                          
C:   00000000  l_BSEG_BYTES                    
C:   00000000  l_CABS                          
C:   00000000  l_GSINIT1                       
C:   00000000  l_GSINIT5                       
C:   00000000  l_IABS                          
C:   00000000  l_ISEG                          
C:   00000000  l_PSEG                          
C:   00000000  l_REG_BANK_1                    
C:   00000000  l_REG_BANK_2                    
C:   00000000  l_REG_BANK_3                    
C:   00000000  l_RSEG                          
C:   00000000  l_RSEG0                         
C:   00000000  l_RSEG1                         
C:   00000000  l_XABS                          
C:   00000000  l_XINIT                         
C:   00000000  l_XISEG                         
C:   00000000  l_XSEG                          
C:   00000000  l__CODE                         
C:   00000000  s_BSEG                          
C:   00000000  s_CABS                          
C:   00000000  s_DSEG                          
C:   00000000  s_HOME                          
C:   00000000  s_IABS                          
C:   00000000  s_ISEG                          
C:   00000000  s_REG_BANK_0                    
C:   00000000  s_RSEG                          
C:   00000000  s_RSEG0                         
C:   00000000  s_RSEG1                         
C:   00000000  s_XABS                          
C:   00000001  s_PSEG                          
C:   00000001  s_XISEG                         
C:   00000001  s_XSEG                          
C:   00000002  l_OSEG                          
C:   00000003  l_GSFINAL                       
C:   00000003  l_GSINIT0                       
C:   00000008  l_REG_BANK_0                    
C:   00000008  s_REG_BANK_1                    
C:   0000000A  l_GSINIT2                       
C:   00000010  s_REG_BANK_2                    
C:   00000018  s_BIT_BANK                      
C:   00000018  s_REG_BANK_3                    
C:   00000020  s_BSEG_BYTES                    
C:   00000020  s__CODE                         
C:   00000022  l_GSINIT3                       
C:   00000029  l_HOME                          
C:   00000029  s_GSINIT0                       
C:   0000002A  l_GSINIT4                       
C:   0000002C  s_GSINIT1                       
ASxxxx Linker V03.00/V05.40 + sdld,  page 2.
Hexadecimal  [32-Bits]

Area                                    Addr        Size        Decimal Bytes (Attributes)
--------------------------------        ----        ----        ------- ----- ------------
CABS                                00000000    00000000 =           0. bytes (ABS,CON,CODE)

      Value  Global                              Global Defined In Module
      -----  --------------------------------   ------------------------
C:   0000002C  s_GSINIT2                       
C:   00000036  s_GSINIT3                       
C:   00000045  s_OSEG                          
C:   00000047  s_SSEG                          
C:   00000055  l_GSINIT                        
C:   00000058  s_GSINIT4                       
C:   00000080  l_DSEG                          
C:   00000082  s_GSINIT                        
C:   00000082  s_GSINIT5                       
C:   000000B9  l_SSEG                          
C:   000000D7  s_GSFINAL                       
C:   000000DA  s_CSEG                          
C:   00000100  l_IRAM                          
C:   00000476  l_CONST                         
C:   00000B9A  l_CSEG                          
C:   00000C74  s_CONST                         
C:   000010EA  s_XINIT                         

ASxxxx Linker V03.00/V05.40 + sdld,  page 3.
Hexadecimal  [32-Bits]

Area                                    Addr        Size        Decimal Bytes (Attributes)
--------------------------------        ----        ----        ------- ----- ------------
.  .ABS.                            00000000    00000000 =           0. bytes (ABS,CON)

      Value  Global                              Global Defined In Module
      -----  --------------------------------   ------------------------
     00000000  .__.ABS.                           _startup
     00000080  _P0                                oled_i2c
     00000080  _P0_0                              oled_i2c
     00000081  _P0_1                              oled_i2c
     00000081  _SP                                oled_i2c
     00000082  _DPL                               oled_i2c
     00000082  _P0_2                              oled_i2c
     00000083  _DPH                               oled_i2c
     00000083  _P0_3                              oled_i2c
     00000084  _P0_4                              oled_i2c
     00000085  _P0_5                              oled_i2c
     00000086  _P0_6                              oled_i2c
     00000087  _P0_7                              oled_i2c
     00000087  _PCON                              oled_i2c
     00000088  _IT0                               oled_i2c
     00000088  _TCON                              oled_i2c
     00000089  _IE0                               oled_i2c
     00000089  _TMOD                              oled_i2c
     0000008A  _IT1                               oled_i2c
     0000008A  _TL0                               oled_i2c
     0000008B  _IE1                               oled_i2c
     0000008B  _TL1                               oled_i2c
     0000008C  _TH0                               oled_i2c
     0000008C  _TR0                               oled_i2c
     0000008D  _TF0                               oled_i2c
     0000008D  _TH1                               oled_i2c
     0000008E  _TR1                               oled_i2c
     0000008F  _TF1                               oled_i2c
     00000090  _P1                                oled_i2c
     00000090  _P1_0                              oled_i2c
     00000091  _P1_1                              oled_i2c
     00000092  _P1_2                              oled_i2c
     00000093  _P1_3                              oled_i2c
     00000094  _P1_4                              oled_i2c
     00000095  _P1_5                              oled_i2c
     00000096  _P1_6                              oled_i2c
     00000097  _P1_7                              oled_i2c
     00000098  _RI                                oled_i2c
     00000098  _SCON                              oled_i2c
     00000099  _SBUF                              oled_i2c
     00000099  _TI                                oled_i2c
     0000009A  _RB8                               oled_i2c
     0000009B  _TB8                               oled_i2c
     0000009C  _REN                               oled_i2c
     0000009D  _SM2                               oled_i2c
     0000009E  _SM1                               oled_i2c
     0000009F  _SM0                               oled_i2c
     000000A0  _P2                                oled_i2c
     000000A0  _P2_0                              oled_i2c
     000000A0  __XPAGE                            
ASxxxx Linker V03.00/V05.40 + sdld,  page 4.
Hexadecimal  [32-Bits]

Area                                    Addr        Size        Decimal Bytes (Attributes)
--------------------------------        ----        ----        ------- ----- ------------
.  .ABS.                            00000000    00000000 =           0. bytes (ABS,CON)

      Value  Global                              Global Defined In Module
      -----  --------------------------------   ------------------------
     000000A1  _P2_1                              oled_i2c
     000000A2  _P2_2                              oled_i2c
     000000A3  _P2_3                              oled_i2c
     000000A4  _P2_4                              oled_i2c
     000000A5  _P2_5                              oled_i2c
     000000A6  _P2_6                              oled_i2c
     000000A7  _P2_7                              oled_i2c
     000000A8  _EX0                               oled_i2c
     000000A8  _IE                                oled_i2c
     000000A9  _ET0                               oled_i2c
     000000AA  _EX1                               oled_i2c
     000000AB  _ET1                               oled_i2c
     000000AC  _ES                                oled_i2c
     000000AF  _EA                                oled_i2c
     000000B0  _P3                                oled_i2c
     000000B0  _P3_0                              oled_i2c
     000000B0  _RXD                               oled_i2c
     000000B1  _P3_1                              oled_i2c
     000000B1  _TXD                               oled_i2c
     000000B2  _INT0                              oled_i2c
     000000B2  _P3_2                              oled_i2c
     000000B3  _INT1                              oled_i2c
     000000B3  _P3_3                              oled_i2c
     000000B4  _P3_4                              oled_i2c
     000000B4  _T0                                oled_i2c
     000000B5  _P3_5                              oled_i2c
     000000B5  _T1                                oled_i2c
     000000B6  _P3_6                              oled_i2c
     000000B6  _WR                                oled_i2c
     000000B7  _P3_7                              oled_i2c
     000000B7  _RD                                oled_i2c
     000000B8  _IP                                oled_i2c
     000000B8  _PX0                               oled_i2c
     000000B9  _PT0                               oled_i2c
     000000BA  _PX1                               oled_i2c
     000000BB  _PT1                               oled_i2c
     000000BC  _PS                                oled_i2c
     000000D0  _P                                 oled_i2c
     000000D0  _PSW                               oled_i2c
     000000D1  _F1                                oled_i2c
     000000D2  _OV                                oled_i2c
     000000D3  _RS0                               oled_i2c
     000000D4  _RS1                               oled_i2c
     000000D5  _F0                                oled_i2c
     000000D6  _AC                                oled_i2c
     000000D7  _CY                                oled_i2c
     000000E0  _ACC                               oled_i2c
     000000F0  _B                                 oled_i2c
     000000F5  _B_5                               _gptrget
     000000F6  _B_6                               _gptrget
     000000F7  _B_7                               _gptrget

ASxxxx Linker V03.00/V05.40 + sdld,  page 5.
Hexadecimal  [32-Bits]

Area                                    Addr        Size        Decimal Bytes (Attributes)
--------------------------------        ----        ----        ------- ----- ------------
REG_BANK_0                          00000000    00000008 =           8. bytes (REL,OVR)

      Value  Global                              Global Defined In Module
      -----  --------------------------------   ------------------------
ASxxxx Linker V03.00/V05.40 + sdld,  page 6.
Hexadecimal  [32-Bits]

Area                                    Addr        Size        Decimal Bytes (Attributes)
--------------------------------        ----        ----        ------- ----- ------------
DSEG                                00000000    00000080 =         128. bytes (REL,CON)

      Value  Global                              Global Defined In Module
      -----  --------------------------------   ------------------------
     00000008  _Single_WriteI2C_PARM_2            i2c
     00000009  _Single_WriteI2C_PARM_3            i2c
     0000000A  _Single_ReadI2C_PARM_2             i2c
     0000000B  _send_data                         angry_bird
     0000000C  _send_flag                         angry_bird
     0000000D  _received_data                     angry_bird
     0000000E  _received_flag                     angry_bird
     0000000F  _row_offset                        angry_bird
     00000011  _col_offset                        angry_bird
     00000013  _selection_list_cur                angry_bird
     00000015  _selection_list_past               angry_bird
     00000017  _selection_list                    angry_bird
     00000020  _setting_state                     angry_bird
     00000022  _setting_state_past                angry_bird
     00000024  _music_value                       angry_bird
     00000026  _volume_value                      angry_bird
     0000002A  _cur_state                         angry_bird
     0000002C  _bird_amt                          angry_bird
     0000002E  _pig_amt                           angry_bird
     00000030  _prebut_up                         angry_bird
     00000032  _prebut_down                       angry_bird
     00000034  _prebut_left                       angry_bird
     00000036  _prebut_right                      angry_bird
     00000038  _prebut_enter                      angry_bird
     00000044  _OLED_SetCursor_PARM_2             oled_i2c

ASxxxx Linker V03.00/V05.40 + sdld,  page 7.
Hexadecimal  [32-Bits]

Area                                    Addr        Size        Decimal Bytes (Attributes)
--------------------------------        ----        ----        ------- ----- ------------
OSEG                                00000045    00000002 =           2. bytes (REL,OVR)

      Value  Global                              Global Defined In Module
      -----  --------------------------------   ------------------------
     00000045  __mulint_PARM_2                    _mulint

ASxxxx Linker V03.00/V05.40 + sdld,  page 8.
Hexadecimal  [32-Bits]

Area                                    Addr        Size        Decimal Bytes (Attributes)
--------------------------------        ----        ----        ------- ----- ------------
SSEG                                00000047    000000B9 =         185. bytes (REL,OVR)

      Value  Global                              Global Defined In Module
      -----  --------------------------------   ------------------------
     00000047  __start__stack                     main

ASxxxx Linker V03.00/V05.40 + sdld,  page 9.
Hexadecimal  [32-Bits]

Area                                    Addr        Size        Decimal Bytes (Attributes)
--------------------------------        ----        ----        ------- ----- ------------
HOME                                00000000    00000029 =          41. bytes (REL,CON,CODE)

      Value  Global                              Global Defined In Module
      -----  --------------------------------   ------------------------
C:   00000026  __sdcc_program_startup             main

ASxxxx Linker V03.00/V05.40 + sdld,  page 10.
Hexadecimal  [32-Bits]

Area                                    Addr        Size        Decimal Bytes (Attributes)
--------------------------------        ----        ----        ------- ----- ------------
GSINIT0                             00000029    00000003 =           3. bytes (REL,CON,CODE)

      Value  Global                              Global Defined In Module
      -----  --------------------------------   ------------------------
C:   00000029  __sdcc_gsinit_startup              

ASxxxx Linker V03.00/V05.40 + sdld,  page 11.
Hexadecimal  [32-Bits]

Area                                    Addr        Size        Decimal Bytes (Attributes)
--------------------------------        ----        ----        ------- ----- ------------
GSINIT2                             0000002C    0000000A =          10. bytes (REL,CON,CODE)

      Value  Global                              Global Defined In Module
      -----  --------------------------------   ------------------------
ASxxxx Linker V03.00/V05.40 + sdld,  page 12.
Hexadecimal  [32-Bits]

Area                                    Addr        Size        Decimal Bytes (Attributes)
--------------------------------        ----        ----        ------- ----- ------------
GSINIT3                             00000036    00000022 =          34. bytes (REL,CON,CODE)

      Value  Global                              Global Defined In Module
      -----  --------------------------------   ------------------------
C:   00000036  __mcs51_genXINIT                   

ASxxxx Linker V03.00/V05.40 + sdld,  page 13.
Hexadecimal  [32-Bits]

Area                                    Addr        Size        Decimal Bytes (Attributes)
--------------------------------        ----        ----        ------- ----- ------------
GSINIT4                             00000058    0000002A =          42. bytes (REL,CON,CODE)

      Value  Global                              Global Defined In Module
      -----  --------------------------------   ------------------------
C:   00000058  __mcs51_genRAMCLEAR                
C:   0000005E  __mcs51_genXRAMCLEAR               

ASxxxx Linker V03.00/V05.40 + sdld,  page 14.
Hexadecimal  [32-Bits]

Area                                    Addr        Size        Decimal Bytes (Attributes)
--------------------------------        ----        ----        ------- ----- ------------
GSINIT                              00000082    00000055 =          85. bytes (REL,CON,CODE)

      Value  Global                              Global Defined In Module
      -----  --------------------------------   ------------------------
ASxxxx Linker V03.00/V05.40 + sdld,  page 15.
Hexadecimal  [32-Bits]

Area                                    Addr        Size        Decimal Bytes (Attributes)
--------------------------------        ----        ----        ------- ----- ------------
GSFINAL                             000000D7    00000003 =           3. bytes (REL,CON,CODE)

      Value  Global                              Global Defined In Module
      -----  --------------------------------   ------------------------
ASxxxx Linker V03.00/V05.40 + sdld,  page 16.
Hexadecimal  [32-Bits]

Area                                    Addr        Size        Decimal Bytes (Attributes)
--------------------------------        ----        ----        ------- ----- ------------
CSEG                                000000DA    00000B9A =        2970. bytes (REL,CON,CODE)

      Value  Global                              Global Defined In Module
      -----  --------------------------------   ------------------------
C:   000000DA  _main                              main
C:   00000100  _uart_isr                          main
C:   00000111  _I2C_Start                         i2c
C:   00000120  _I2C_Stop                          i2c
C:   0000012C  _I2C_SendACK                       i2c
C:   0000013C  _I2C_RecvACK                       i2c
C:   00000151  _I2C_SendByte                      i2c
C:   00000179  _I2C_RecvByte                      i2c
C:   000001AD  _Single_WriteI2C                   i2c
C:   000001CA  _Single_ReadI2C                    i2c
C:   00000205  _delay_ms                          delay
C:   00000217  _delay_5                           delay
C:   0000021C  _angrybird_display_home            angry_bird
C:   000003BE  _angrybird_display_setting         angry_bird
C:   0000057D  _angrybird_state_machine           angry_bird
C:   000005B3  _angrybird_home_state              angry_bird
C:   0000072B  _angrybird_game_state              angry_bird
C:   00000755  _angrybird_setting_state           angry_bird
C:   00000AD9  _OLED_Init                         oled_i2c
C:   00000B48  _OLED_DisplayChar                  oled_i2c
C:   00000B99  _OLED_DisplayString                oled_i2c
C:   00000BC4  _OLED_Clear                        oled_i2c
C:   00000BEF  _OLED_SetCursor                    oled_i2c
C:   00000C1F  _oledSendCommand                   oled_i2c
C:   00000C2B  _oledSendData                      oled_i2c
C:   00000C37  __mulint                           _mulint
C:   00000C37  __mulint_dummy                     _mulint
C:   00000C54  __gptrget                          _gptrget
C:   00000C70  ___sdcc_external_startup           _startup

ASxxxx Linker V03.00/V05.40 + sdld,  page 17.
Hexadecimal  [32-Bits]

Area                                    Addr        Size        Decimal Bytes (Attributes)
--------------------------------        ----        ----        ------- ----- ------------
CONST                               00000C74    00000476 =        1142. bytes (REL,CON,CODE)

      Value  Global                              Global Defined In Module
      -----  --------------------------------   ------------------------
C:   00000C74  _angry_bird_logo                   angry_bird
C:   00000E74  _button_up_logo                    angry_bird
C:   00000E84  _button_down_logo                  angry_bird
C:   00000E94  _music_logo                        angry_bird
C:   00000EB4  _volume_logo                       angry_bird
C:   00000ED4  _button_left_logo                  angry_bird
C:   00000ED8  _button_right_logo                 angry_bird
C:   00000F0F  _OledFontTable                     oled_i2c

ASxxxx Linker V03.00/V05.40 + sdld,  page 18.

Files Linked                              [ module(s) ]

main.rel                                  [  ]
i2c.rel                                   [  ]
delay.rel                                 [  ]
angry_bird.rel                            [  ]
oled_i2c.rel                              [  ]


Libraries Linked                          [ object file ]

c:\Program Files\SDCC\bin\..\lib\small/mcs51.lib
                                          [ crtclear.rel ]
c:\Program Files\SDCC\bin\..\lib\small/mcs51.lib
                                          [ crtxinit.rel ]
c:\Program Files\SDCC\bin\..\lib\small/libint.lib
                                          [ _mulint.rel ]
c:\Program Files\SDCC\bin\..\lib\small/mcs51.lib
                                          [ crtxclear.rel ]
c:\Program Files\SDCC\bin\..\lib\small/mcs51.lib
                                          [ crtpagesfr.rel ]
c:\Program Files\SDCC\bin\..\lib\small/mcs51.lib
                                          [ crtstart.rel ]
c:\Program Files\SDCC\bin\..\lib\small/libsdcc.lib
                                          [ _gptrget.rel ]
c:\Program Files\SDCC\bin\..\lib\small/libsdcc.lib
                                          [ _startup.rel ]

ASxxxx Linker V03.00/V05.40 + sdld,  page 19.

User Base Address Definitions

HOME = 0x0000
XSEG = 0x0001
PSEG = 0x0001
ISEG = 0x0000
BSEG = 0x0000

