ASxxxx Linker V03.00/V05.40 + sdld,  page 1.
Hexadecimal  [32-Bits]

Area                                    Addr        Size        Decimal Bytes (Attributes)
--------------------------------        ----        ----        ------- ----- ------------
CABS                                00000000    00000000 =           0. bytes (ABS,CON,CODE)

      Value  Global                              Global Defined In Module
      -----  --------------------------------   ------------------------
C:   00000000  l_BIT_BANK                      
C:   00000000  l_CABS                          
C:   00000000  l_GSINIT1                       
C:   00000000  l_GSINIT5                       
C:   00000000  l_IABS                          
C:   00000000  l_ISEG                          
C:   00000000  l_PSEG                          
C:   00000000  l_REG_BANK_1                    
C:   00000000  l_REG_BANK_2                    
C:   00000000  l_REG_BANK_3                    
C:   00000000  l_RSEG                          
C:   00000000  l_RSEG0                         
C:   00000000  l_RSEG1                         
C:   00000000  l_XABS                          
C:   00000000  l_XINIT                         
C:   00000000  l_XISEG                         
C:   00000000  l_XSEG                          
C:   00000000  l__CODE                         
C:   00000000  s_BSEG                          
C:   00000000  s_CABS                          
C:   00000000  s_DSEG                          
C:   00000000  s_HOME                          
C:   00000000  s_IABS                          
C:   00000000  s_ISEG                          
C:   00000000  s_REG_BANK_0                    
C:   00000000  s_RSEG                          
C:   00000000  s_RSEG0                         
C:   00000000  s_RSEG1                         
C:   00000000  s_XABS                          
C:   00000001  l_BSEG_BYTES                    
C:   00000001  s_PSEG                          
C:   00000001  s_XISEG                         
C:   00000001  s_XSEG                          
C:   00000002  l_BSEG                          
C:   00000002  l_OSEG                          
C:   00000003  l_GSFINAL                       
C:   00000003  l_GSINIT0                       
C:   00000006  l_HOME                          
C:   00000006  s_GSINIT0                       
C:   00000008  l_REG_BANK_0                    
C:   00000008  s_REG_BANK_1                    
C:   00000009  s_GSINIT1                       
C:   00000009  s_GSINIT2                       
C:   0000000A  l_GSINIT2                       
C:   0000000C  s_OSEG                          
C:   00000010  s_REG_BANK_2                    
C:   00000013  s_GSINIT3                       
C:   00000018  s_BIT_BANK                      
C:   00000018  s_REG_BANK_3                    
C:   00000020  s_BSEG_BYTES                    
ASxxxx Linker V03.00/V05.40 + sdld,  page 2.
Hexadecimal  [32-Bits]

Area                                    Addr        Size        Decimal Bytes (Attributes)
--------------------------------        ----        ----        ------- ----- ------------
CABS                                00000000    00000000 =           0. bytes (ABS,CON,CODE)

      Value  Global                              Global Defined In Module
      -----  --------------------------------   ------------------------
C:   00000020  s__CODE                         
C:   00000022  l_GSINIT3                       
C:   0000002A  l_GSINIT4                       
C:   00000035  s_GSINIT4                       
C:   00000055  l_GSINIT                        
C:   0000005F  s_GSINIT                        
C:   0000005F  s_GSINIT5                       
C:   0000006E  l_DSEG                          
C:   0000007C  s_SSEG                          
C:   00000084  l_SSEG                          
C:   000000B4  s_GSFINAL                       
C:   000000B7  s_CSEG                          
C:   00000100  l_IRAM                          
C:   000004A5  l_CONST                         
C:   00001518  l_CSEG                          
C:   000015CF  s_CONST                         
C:   00001A74  s_XINIT                         

ASxxxx Linker V03.00/V05.40 + sdld,  page 3.
Hexadecimal  [32-Bits]

Area                                    Addr        Size        Decimal Bytes (Attributes)
--------------------------------        ----        ----        ------- ----- ------------
.  .ABS.                            00000000    00000000 =           0. bytes (ABS,CON)

      Value  Global                              Global Defined In Module
      -----  --------------------------------   ------------------------
     00000000  .__.ABS.                           _startup
     00000080  _P0                                oled_i2c
     00000080  _P0_0                              oled_i2c
     00000081  _P0_1                              oled_i2c
     00000081  _SP                                oled_i2c
     00000082  _DPL                               oled_i2c
     00000082  _P0_2                              oled_i2c
     00000083  _DPH                               oled_i2c
     00000083  _P0_3                              oled_i2c
     00000084  _P0_4                              oled_i2c
     00000085  _P0_5                              oled_i2c
     00000086  _P0_6                              oled_i2c
     00000087  _P0_7                              oled_i2c
     00000087  _PCON                              oled_i2c
     00000088  _IT0                               oled_i2c
     00000088  _TCON                              oled_i2c
     00000089  _IE0                               oled_i2c
     00000089  _TMOD                              oled_i2c
     0000008A  _IT1                               oled_i2c
     0000008A  _TL0                               oled_i2c
     0000008B  _IE1                               oled_i2c
     0000008B  _TL1                               oled_i2c
     0000008C  _TH0                               oled_i2c
     0000008C  _TR0                               oled_i2c
     0000008D  _TF0                               oled_i2c
     0000008D  _TH1                               oled_i2c
     0000008E  _TR1                               oled_i2c
     0000008F  _TF1                               oled_i2c
     00000090  _P1                                oled_i2c
     00000090  _P1_0                              oled_i2c
     00000091  _P1_1                              oled_i2c
     00000092  _P1_2                              oled_i2c
     00000093  _P1_3                              oled_i2c
     00000094  _P1_4                              oled_i2c
     00000095  _P1_5                              oled_i2c
     00000096  _P1_6                              oled_i2c
     00000097  _P1_7                              oled_i2c
     00000098  _RI                                oled_i2c
     00000098  _SCON                              oled_i2c
     00000099  _SBUF                              oled_i2c
     00000099  _TI                                oled_i2c
     0000009A  _RB8                               oled_i2c
     0000009B  _TB8                               oled_i2c
     0000009C  _REN                               oled_i2c
     0000009D  _SM2                               oled_i2c
     0000009E  _SM1                               oled_i2c
     0000009F  _SM0                               oled_i2c
     000000A0  _P2                                oled_i2c
     000000A0  _P2_0                              oled_i2c
     000000A0  __XPAGE                            
ASxxxx Linker V03.00/V05.40 + sdld,  page 4.
Hexadecimal  [32-Bits]

Area                                    Addr        Size        Decimal Bytes (Attributes)
--------------------------------        ----        ----        ------- ----- ------------
.  .ABS.                            00000000    00000000 =           0. bytes (ABS,CON)

      Value  Global                              Global Defined In Module
      -----  --------------------------------   ------------------------
     000000A1  _P2_1                              oled_i2c
     000000A2  _P2_2                              oled_i2c
     000000A3  _P2_3                              oled_i2c
     000000A4  _P2_4                              oled_i2c
     000000A5  _P2_5                              oled_i2c
     000000A6  _P2_6                              oled_i2c
     000000A7  _P2_7                              oled_i2c
     000000A8  _EX0                               oled_i2c
     000000A8  _IE                                oled_i2c
     000000A9  _ET0                               oled_i2c
     000000AA  _EX1                               oled_i2c
     000000AB  _ET1                               oled_i2c
     000000AC  _ES                                oled_i2c
     000000AF  _EA                                oled_i2c
     000000B0  _P3                                oled_i2c
     000000B0  _P3_0                              oled_i2c
     000000B0  _RXD                               oled_i2c
     000000B1  _P3_1                              oled_i2c
     000000B1  _TXD                               oled_i2c
     000000B2  _INT0                              oled_i2c
     000000B2  _P3_2                              oled_i2c
     000000B3  _INT1                              oled_i2c
     000000B3  _P3_3                              oled_i2c
     000000B4  _P3_4                              oled_i2c
     000000B4  _T0                                oled_i2c
     000000B5  _P3_5                              oled_i2c
     000000B5  _T1                                oled_i2c
     000000B6  _P3_6                              oled_i2c
     000000B6  _WR                                oled_i2c
     000000B7  _P3_7                              oled_i2c
     000000B7  _RD                                oled_i2c
     000000B8  _IP                                oled_i2c
     000000B8  _PX0                               oled_i2c
     000000B9  _PT0                               oled_i2c
     000000BA  _PX1                               oled_i2c
     000000BB  _PT1                               oled_i2c
     000000BC  _PS                                oled_i2c
     000000D0  _P                                 oled_i2c
     000000D0  _PSW                               oled_i2c
     000000D1  _F1                                oled_i2c
     000000D2  _OV                                oled_i2c
     000000D3  _RS0                               oled_i2c
     000000D4  _RS1                               oled_i2c
     000000D5  _F0                                oled_i2c
     000000D6  _AC                                oled_i2c
     000000D7  _CY                                oled_i2c
     000000E0  _ACC                               oled_i2c
     000000F0  _B                                 oled_i2c
     000000F5  _B_5                               _gptrget
     000000F6  _B_6                               _gptrget
     000000F7  _B_7                               _gptrget

ASxxxx Linker V03.00/V05.40 + sdld,  page 5.
Hexadecimal  [32-Bits]

Area                                    Addr        Size        Decimal Bytes (Attributes)
--------------------------------        ----        ----        ------- ----- ------------
BSEG_BYTES                          00000020    00000001 =           1. bytes (REL,CON)

      Value  Global                              Global Defined In Module
      -----  --------------------------------   ------------------------
ASxxxx Linker V03.00/V05.40 + sdld,  page 6.
Hexadecimal  [32-Bits]

Area                                    Addr        Size        Decimal Bytes (Attributes)
--------------------------------        ----        ----        ------- ----- ------------
REG_BANK_0                          00000000    00000008 =           8. bytes (REL,OVR)

      Value  Global                              Global Defined In Module
      -----  --------------------------------   ------------------------
ASxxxx Linker V03.00/V05.40 + sdld,  page 7.
Hexadecimal  [32-Bits]

Area                                    Addr        Size        Decimal Bytes (Attributes)
--------------------------------        ----        ----        ------- ----- ------------
DSEG                                00000000    0000006E =         110. bytes (REL,CON)

      Value  Global                              Global Defined In Module
      -----  --------------------------------   ------------------------
     00000008  _Single_WriteI2C_PARM_2            i2c
     00000009  _Single_WriteI2C_PARM_3            i2c
     0000000A  _Single_ReadI2C_PARM_2             i2c
     0000000B  _OLED_SetCursor_PARM_2             oled_i2c
     00000021  _row_offset                        angry_bird
     00000023  _col_offset                        angry_bird
     00000025  _selection_list_cur                angry_bird
     00000027  _selection_list_past               angry_bird
     00000029  _selection_list                    angry_bird
     00000032  _setting_state                     angry_bird
     00000034  _setting_state_past                angry_bird
     00000036  _music_value                       angry_bird
     00000038  _volume_value                      angry_bird
     0000003A  _control_angle                     angry_bird
     0000003C  _control_strength                  angry_bird
     00000047  _cur_state                         angry_bird
     00000049  _bird_amt                          angry_bird
     0000004B  _pig_amt                           angry_bird
     0000004D  _prebut_up                         angry_bird
     0000004F  _prebut_down                       angry_bird
     00000051  _prebut_left                       angry_bird
     00000053  _prebut_right                      angry_bird
     00000055  _prebut_enter                      angry_bird

ASxxxx Linker V03.00/V05.40 + sdld,  page 8.
Hexadecimal  [32-Bits]

Area                                    Addr        Size        Decimal Bytes (Attributes)
--------------------------------        ----        ----        ------- ----- ------------
OSEG                                0000000C    00000002 =           2. bytes (REL,OVR)

      Value  Global                              Global Defined In Module
      -----  --------------------------------   ------------------------
     0000000C  __divsint_PARM_2                   _divuint
     0000000C  __divuint_PARM_2                   _divuint
     0000000C  __modsint_PARM_2                   _moduint
     0000000C  __moduint_PARM_2                   _moduint
     0000000C  __mulint_PARM_2                    _mulint

ASxxxx Linker V03.00/V05.40 + sdld,  page 9.
Hexadecimal  [32-Bits]

Area                                    Addr        Size        Decimal Bytes (Attributes)
--------------------------------        ----        ----        ------- ----- ------------
SSEG                                0000007C    00000084 =         132. bytes (REL,OVR)

      Value  Global                              Global Defined In Module
      -----  --------------------------------   ------------------------
     0000007C  __start__stack                     main

ASxxxx Linker V03.00/V05.40 + sdld,  page 10.
Hexadecimal  [32-Bits]

Area                                    Addr        Size        Decimal Bytes (Attributes)
--------------------------------        ----        ----        ------- ----- ------------
HOME                                00000000    00000006 =           6. bytes (REL,CON,CODE)

      Value  Global                              Global Defined In Module
      -----  --------------------------------   ------------------------
C:   00000003  __sdcc_program_startup             main

ASxxxx Linker V03.00/V05.40 + sdld,  page 11.
Hexadecimal  [32-Bits]

Area                                    Addr        Size        Decimal Bytes (Attributes)
--------------------------------        ----        ----        ------- ----- ------------
GSINIT0                             00000006    00000003 =           3. bytes (REL,CON,CODE)

      Value  Global                              Global Defined In Module
      -----  --------------------------------   ------------------------
C:   00000006  __sdcc_gsinit_startup              

ASxxxx Linker V03.00/V05.40 + sdld,  page 12.
Hexadecimal  [32-Bits]

Area                                    Addr        Size        Decimal Bytes (Attributes)
--------------------------------        ----        ----        ------- ----- ------------
GSINIT2                             00000009    0000000A =          10. bytes (REL,CON,CODE)

      Value  Global                              Global Defined In Module
      -----  --------------------------------   ------------------------
ASxxxx Linker V03.00/V05.40 + sdld,  page 13.
Hexadecimal  [32-Bits]

Area                                    Addr        Size        Decimal Bytes (Attributes)
--------------------------------        ----        ----        ------- ----- ------------
GSINIT3                             00000013    00000022 =          34. bytes (REL,CON,CODE)

      Value  Global                              Global Defined In Module
      -----  --------------------------------   ------------------------
C:   00000013  __mcs51_genXINIT                   

ASxxxx Linker V03.00/V05.40 + sdld,  page 14.
Hexadecimal  [32-Bits]

Area                                    Addr        Size        Decimal Bytes (Attributes)
--------------------------------        ----        ----        ------- ----- ------------
GSINIT4                             00000035    0000002A =          42. bytes (REL,CON,CODE)

      Value  Global                              Global Defined In Module
      -----  --------------------------------   ------------------------
C:   00000035  __mcs51_genRAMCLEAR                
C:   0000003B  __mcs51_genXRAMCLEAR               

ASxxxx Linker V03.00/V05.40 + sdld,  page 15.
Hexadecimal  [32-Bits]

Area                                    Addr        Size        Decimal Bytes (Attributes)
--------------------------------        ----        ----        ------- ----- ------------
GSINIT                              0000005F    00000055 =          85. bytes (REL,CON,CODE)

      Value  Global                              Global Defined In Module
      -----  --------------------------------   ------------------------
ASxxxx Linker V03.00/V05.40 + sdld,  page 16.
Hexadecimal  [32-Bits]

Area                                    Addr        Size        Decimal Bytes (Attributes)
--------------------------------        ----        ----        ------- ----- ------------
GSFINAL                             000000B4    00000003 =           3. bytes (REL,CON,CODE)

      Value  Global                              Global Defined In Module
      -----  --------------------------------   ------------------------
ASxxxx Linker V03.00/V05.40 + sdld,  page 17.
Hexadecimal  [32-Bits]

Area                                    Addr        Size        Decimal Bytes (Attributes)
--------------------------------        ----        ----        ------- ----- ------------
CSEG                                000000B7    00001518 =        5400. bytes (REL,CON,CODE)

      Value  Global                              Global Defined In Module
      -----  --------------------------------   ------------------------
C:   000000B7  _main                              main
C:   000000C6  _I2C_Start                         i2c
C:   000000D5  _I2C_Stop                          i2c
C:   000000E1  _I2C_SendACK                       i2c
C:   000000F1  _I2C_RecvACK                       i2c
C:   00000106  _I2C_SendByte                      i2c
C:   0000012E  _I2C_RecvByte                      i2c
C:   00000162  _Single_WriteI2C                   i2c
C:   0000017F  _Single_ReadI2C                    i2c
C:   000001BA  _delay_ms                          delay
C:   000001CC  _delay_5                           delay
C:   000001D1  _angrybird_display_home            angry_bird
C:   00000389  _angrybird_display_setting         angry_bird
C:   0000038A  _angrybird_display_game            angry_bird
C:   000005AD  _angrybird_state_machine           angry_bird
C:   000005E3  _angrybird_home_state              angry_bird
C:   0000079C  _angrybird_setting_state           angry_bird
C:   0000079D  _angrybird_game_state              angry_bird
C:   00000E55  _getsine                           angry_bird
C:   00000F00  _getcosine                         angry_bird
C:   00000F30  _pow_2                             angry_bird
C:   00000F5E  _sine_table                        angry_bird
C:   00000F86  _OLED_Init                         oled_i2c
C:   00000FF5  _OLED_DisplayChar                  oled_i2c
C:   00001046  _OLED_DisplayString                oled_i2c
C:   00001071  _OLED_Clear                        oled_i2c
C:   0000109C  _OLED_SetCursor                    oled_i2c
C:   000010CC  _oledSendCommand                   oled_i2c
C:   000010D8  _oledSendData                      oled_i2c
C:   000010E4  ___fssub                           _fssub
C:   000010EF  ___fsmul                           _fsmul
C:   00001192  fsgetargs                          _fsget2args
C:   000011C0  fs_normalize_a                     _fsnormalize
C:   000011F3  __mulint                           _mulint
C:   000011F3  __mulint_dummy                     _mulint
C:   00001210  __moduint                          _moduint
C:   0000125D  __divuint                          _divuint
C:   00001286  ___fsadd                           _fsadd
C:   00001289  fsadd_direct_entry                 _fsadd
C:   000012DF  ___sint2fs                         _sint2fs
C:   000012EC  ___fs2sint                         _fs2sint
C:   00001320  fs_round_and_return                _fsreturnval
C:   00001338  fs_zerocheck_return                _fsreturnval
C:   00001341  fs_return_zero                     _fsreturnval
C:   00001349  fs_direct_return                   _fsreturnval
C:   00001357  fs_return_inf                      _fsreturnval
C:   00001364  fs_return_nan                      _fsreturnval
C:   0000136F  fs_swap_a_b                        _fsswapargs
C:   00001389  _strlen                            _strlen
C:   000013A1  ___fsdiv                           _fsdiv
ASxxxx Linker V03.00/V05.40 + sdld,  page 18.
Hexadecimal  [32-Bits]

Area                                    Addr        Size        Decimal Bytes (Attributes)
--------------------------------        ----        ----        ------- ----- ------------
CSEG                                000000B7    00001518 =        5400. bytes (REL,CON,CODE)

      Value  Global                              Global Defined In Module
      -----  --------------------------------   ------------------------
C:   00001464  __gptrget                          _gptrget
C:   00001480  __modsint                          _modsint
C:   000014B6  ___slong2fs                        _slong2fs
C:   000014BF  slong2fs_doit                      _slong2fs
C:   000014E3  __divsint                          _divsint
C:   0000151B  fs_rshift_a                        _fsrshift
C:   0000155E  ___fs2slong                        _fs2slong
C:   000015B9  fsgetarg                           _fsget1arg
C:   000015CB  ___sdcc_external_startup           _startup

ASxxxx Linker V03.00/V05.40 + sdld,  page 19.
Hexadecimal  [32-Bits]

Area                                    Addr        Size        Decimal Bytes (Attributes)
--------------------------------        ----        ----        ------- ----- ------------
CONST                               000015CF    000004A5 =        1189. bytes (REL,CON,CODE)

      Value  Global                              Global Defined In Module
      -----  --------------------------------   ------------------------
C:   000015CF  _angry_bird_logo                   angry_bird
C:   000017CF  _button_up_logo                    angry_bird
C:   000017DF  _button_down_logo                  angry_bird
C:   000017EF  _music_logo                        angry_bird
C:   0000180F  _volume_logo                       angry_bird
C:   0000182F  _button_left_logo                  angry_bird
C:   00001833  _button_right_logo                 angry_bird
C:   00001837  _shooter_logo                      angry_bird
C:   00001847  _pig_logo                          angry_bird
C:   0000185F  _bird_logo                         angry_bird
C:   00001899  _OledFontTable                     oled_i2c

ASxxxx Linker V03.00/V05.40 + sdld,  page 20.

Files Linked                              [ module(s) ]

main.rel                                  [  ]
i2c.rel                                   [  ]
delay.rel                                 [  ]
angry_bird.rel                            [  ]
oled_i2c.rel                              [  ]


Libraries Linked                          [ object file ]

c:\Program Files\SDCC\bin\..\lib\small/libfloat.lib
                                          [ _fssub.rel ]
c:\Program Files\SDCC\bin\..\lib\small/libfloat.lib
                                          [ _fsmul.rel ]
c:\Program Files\SDCC\bin\..\lib\small/libfloat.lib
                                          [ _fsget2args.rel ]
c:\Program Files\SDCC\bin\..\lib\small/mcs51.lib
                                          [ crtclear.rel ]
c:\Program Files\SDCC\bin\..\lib\small/libfloat.lib
                                          [ _fsnormalize.rel ]
c:\Program Files\SDCC\bin\..\lib\small/mcs51.lib
                                          [ crtxinit.rel ]
c:\Program Files\SDCC\bin\..\lib\small/libint.lib
                                          [ _mulint.rel ]
c:\Program Files\SDCC\bin\..\lib\small/libint.lib
                                          [ _moduint.rel ]
c:\Program Files\SDCC\bin\..\lib\small/libint.lib
                                          [ _divuint.rel ]
c:\Program Files\SDCC\bin\..\lib\small/libfloat.lib
                                          [ _fsadd.rel ]
c:\Program Files\SDCC\bin\..\lib\small/mcs51.lib
                                          [ crtxclear.rel ]
c:\Program Files\SDCC\bin\..\lib\small/libfloat.lib
                                          [ _sint2fs.rel ]
c:\Program Files\SDCC\bin\..\lib\small/libfloat.lib
                                          [ _fs2sint.rel ]
c:\Program Files\SDCC\bin\..\lib\small/libfloat.lib
                                          [ _fsreturnval.rel ]
c:\Program Files\SDCC\bin\..\lib\small/mcs51.lib
                                          [ crtpagesfr.rel ]
c:\Program Files\SDCC\bin\..\lib\small/libfloat.lib
                                          [ _fsswapargs.rel ]
c:\Program Files\SDCC\bin\..\lib\small/libsdcc.lib
                                          [ _strlen.rel ]
c:\Program Files\SDCC\bin\..\lib\small/libfloat.lib
                                          [ _fsdiv.rel ]
c:\Program Files\SDCC\bin\..\lib\small/mcs51.lib
                                          [ crtstart.rel ]
c:\Program Files\SDCC\bin\..\lib\small/libsdcc.lib
                                          [ _gptrget.rel ]
c:\Program Files\SDCC\bin\..\lib\small/libint.lib
                                          [ _modsint.rel ]
c:\Program Files\SDCC\bin\..\lib\small/libfloat.lib
                                          [ _slong2fs.rel ]
c:\Program Files\SDCC\bin\..\lib\small/libint.lib
                                          [ _divsint.rel ]
c:\Program Files\SDCC\bin\..\lib\small/libfloat.lib
                                          [ _fsrshift.rel ]
c:\Program Files\SDCC\bin\..\lib\small/libfloat.lib
                                          [ _fs2slong.rel ]
c:\Program Files\SDCC\bin\..\lib\small/libfloat.lib
                                          [ _fsget1arg.rel ]
c:\Program Files\SDCC\bin\..\lib\small/libsdcc.lib
                                          [ _startup.rel ]

ASxxxx Linker V03.00/V05.40 + sdld,  page 21.

User Base Address Definitions

HOME = 0x0000
XSEG = 0x0001
PSEG = 0x0001
ISEG = 0x0000
BSEG = 0x0000

